Archive member included because of file (symbol)

C:/Arquivos de programas/SDK30/SDK 7.5.1/SDK/lib_gnu/eft30.lib(extens232.o)
                              Obj/GNU_ARM_DEBUG/porting.o (Beep)
C:/Arquivos de programas/SDK30/SDK 7.5.1/SDK/lib_gnu/eft30.lib(libgr115.o)
                              Obj/GNU_ARM_DEBUG/porting.o (FontFindFirst)
C:/Arquivos de programas/SDK30/SDK 7.5.1/SDK/lib_gnu/eft30.lib(libgr116.o)
                              Obj/GNU_ARM_DEBUG/porting.o (FontFindNext)
C:/Arquivos de programas/SDK30/SDK 7.5.1/SDK/lib_gnu/eft30.lib(libgr54.o)
                              Obj/GNU_ARM_DEBUG/porting.o (DefCurrentFont)
C:/Arquivos de programas/SDK30/SDK 7.5.1/SDK/lib_gnu/eft30.lib(libgr68.o)
                              Obj/GNU_ARM_DEBUG/porting.o (LoadFont)
C:/Arquivos de programas/SDK30/SDK 7.5.1/SDK/lib_gnu/eft30.lib(LibAppli.o)
                              Obj/GNU_ARM_DEBUG/app_sys.o (sprintf)
C:/Arquivos de programas/SDK30/SDK 7.5.1/SDK/lib_gnu/eft30.lib(extens.o)
                              C:/Arquivos de programas/SDK30/SDK 7.5.1/SDK/lib_gnu/eft30.lib(extens232.o) (extenslib_open)
C:/Arquivos de programas/SDK30/SDK 7.5.1/SDK/lib_gnu/eft30.lib(libgr.o)
                              C:/Arquivos de programas/SDK30/SDK 7.5.1/SDK/lib_gnu/eft30.lib(libgr115.o) (libgrlib_open)
C:/Arquivos de programas/SDK30/SDK 7.5.1/SDK/lib_gnu/trap.lib(trap_1302___STDOUT.o)
                              C:/Arquivos de programas/SDK30/SDK 7.5.1/SDK/lib_gnu/eft30.lib(LibAppli.o) (__STDOUT)
C:/Arquivos de programas/SDK30/SDK 7.5.1/SDK/lib_gnu/trap.lib(trap_1313_fclose.o)
                              Obj/GNU_ARM_DEBUG/porting.o (fclose)
C:/Arquivos de programas/SDK30/SDK 7.5.1/SDK/lib_gnu/trap.lib(trap_1314_fopen.o)
                              Obj/GNU_ARM_DEBUG/porting.o (fopen)
C:/Arquivos de programas/SDK30/SDK 7.5.1/SDK/lib_gnu/trap.lib(trap_1319_getc.o)
                              Obj/GNU_ARM_DEBUG/porting.o (getc)
C:/Arquivos de programas/SDK30/SDK 7.5.1/SDK/lib_gnu/trap.lib(trap_131A_reset_buf.o)
                              Obj/GNU_ARM_DEBUG/porting.o (reset_buf)
C:/Arquivos de programas/SDK30/SDK 7.5.1/SDK/lib_gnu/trap.lib(trap_131B___STDIN.o)
                              Obj/GNU_ARM_DEBUG/porting.o (__STDIN)
C:/Arquivos de programas/SDK30/SDK 7.5.1/SDK/lib_gnu/trap.lib(trap_1320_gotoxy.o)
                              Obj/GNU_ARM_DEBUG/porting.o (gotoxy)
C:/Arquivos de programas/SDK30/SDK 7.5.1/SDK/lib_gnu/trap.lib(trap_1323__vfprintf.o)
                              C:/Arquivos de programas/SDK30/SDK 7.5.1/SDK/lib_gnu/eft30.lib(LibAppli.o) (_vfprintf)
C:/Arquivos de programas/SDK30/SDK 7.5.1/SDK/lib_gnu/trap.lib(trap_1324_vsprintf.o)
                              C:/Arquivos de programas/SDK30/SDK 7.5.1/SDK/lib_gnu/eft30.lib(LibAppli.o) (vsprintf)
C:/Arquivos de programas/SDK30/SDK 7.5.1/SDK/lib_gnu/trap.lib(trap_1328_putc.o)
                              C:/Arquivos de programas/SDK30/SDK 7.5.1/SDK/lib_gnu/eft30.lib(LibAppli.o) (putc)
C:/Arquivos de programas/SDK30/SDK 7.5.1/SDK/lib_gnu/trap.lib(trap_1329_ttestall.o)
                              Obj/GNU_ARM_DEBUG/porting.o (ttestall)
C:/Arquivos de programas/SDK30/SDK 7.5.1/SDK/lib_gnu/trap.lib(trap_132C_FormatOem.o)
                              C:/Arquivos de programas/SDK30/SDK 7.5.1/SDK/lib_gnu/eft30.lib(LibAppli.o) (FormatOem)
C:/Arquivos de programas/SDK30/SDK 7.5.1/SDK/lib_gnu/trap.lib(trap_133C_memcpy.o)
                              Obj/GNU_ARM_DEBUG/Entry.o (memcpy)
C:/Arquivos de programas/SDK30/SDK 7.5.1/SDK/lib_gnu/trap.lib(trap_133E_strcpy.o)
                              Obj/GNU_ARM_DEBUG/Entry.o (strcpy)
C:/Arquivos de programas/SDK30/SDK 7.5.1/SDK/lib_gnu/trap.lib(trap_1340_strcat.o)
                              Obj/GNU_ARM_DEBUG/porting.o (strcat)
C:/Arquivos de programas/SDK30/SDK 7.5.1/SDK/lib_gnu/trap.lib(trap_1342_memcmp.o)
                              Obj/GNU_ARM_DEBUG/porting.o (memcmp)
C:/Arquivos de programas/SDK30/SDK 7.5.1/SDK/lib_gnu/trap.lib(trap_1346_memset.o)
                              Obj/GNU_ARM_DEBUG/porting.o (memset)
C:/Arquivos de programas/SDK30/SDK 7.5.1/SDK/lib_gnu/trap.lib(trap_1348_ObjectGetInfo.o)
                              Obj/GNU_ARM_DEBUG/Entry.o (ObjectGetInfo)
C:/Arquivos de programas/SDK30/SDK 7.5.1/SDK/lib_gnu/trap.lib(trap_1349_ObjectLoad.o)
                              C:/Arquivos de programas/SDK30/SDK 7.5.1/SDK/lib_gnu/eft30.lib(extens.o) (ObjectLoad)
C:/Arquivos de programas/SDK30/SDK 7.5.1/SDK/lib_gnu/trap.lib(trap_134B_FreeSpace.o)
                              Obj/GNU_ARM_DEBUG/porting.o (FreeSpace)
C:/Arquivos de programas/SDK30/SDK 7.5.1/SDK/lib_gnu/trap.lib(trap_134D_ServiceRegister.o)
                              Obj/GNU_ARM_DEBUG/Entry.o (ServiceRegister)
C:/Arquivos de programas/SDK30/SDK 7.5.1/SDK/lib_gnu/trap.lib(trap_1350_DllLink.o)
                              C:/Arquivos de programas/SDK30/SDK 7.5.1/SDK/lib_gnu/eft30.lib(extens.o) (DllLink)
C:/Arquivos de programas/SDK30/SDK 7.5.1/SDK/lib_gnu/trap.lib(trap_1352_DllUnlink.o)
                              C:/Arquivos de programas/SDK30/SDK 7.5.1/SDK/lib_gnu/eft30.lib(extens.o) (DllUnlink)
C:/Arquivos de programas/SDK30/SDK 7.5.1/SDK/lib_gnu/trap.lib(trap_1356_stdperif.o)
                              C:/Arquivos de programas/SDK30/SDK 7.5.1/SDK/lib_gnu/eft30.lib(LibAppli.o) (stdperif)
C:/Arquivos de programas/SDK30/SDK 7.5.1/SDK/lib_gnu/trap.lib(trap_135B_StartRetroEclairage.o)
                              Obj/GNU_ARM_DEBUG/porting.o (StartRetroEclairage)
C:/Arquivos de programas/SDK30/SDK 7.5.1/SDK/lib_gnu/trap.lib(trap_1369_startupcv20.o)
                              Obj/GNU_ARM_DEBUG/porting.o (startupcv20)
C:/Arquivos de programas/SDK30/SDK 7.5.1/SDK/lib_gnu/trap.lib(trap_1375_download.o)
                              C:/Arquivos de programas/SDK30/SDK 7.5.1/SDK/lib_gnu/eft30.lib(LibAppli.o) (download)
C:/Arquivos de programas/SDK30/SDK 7.5.1/SDK/lib_gnu/trap.lib(trap_1378_OEM_exit.o)
                              C:/Arquivos de programas/SDK30/SDK 7.5.1/SDK/lib_gnu/eft30.lib(libgr115.o) (OEM_exit)
C:/Arquivos de programas/SDK30/SDK 7.5.1/SDK/lib_gnu/trap.lib(trap_138D_FS_mount.o)
                              Obj/GNU_ARM_DEBUG/porting.o (FS_mount)
C:/Arquivos de programas/SDK30/SDK 7.5.1/SDK/lib_gnu/trap.lib(trap_1398_FS_rename.o)
                              Obj/GNU_ARM_DEBUG/porting.o (FS_rename)
C:/Arquivos de programas/SDK30/SDK 7.5.1/SDK/lib_gnu/trap.lib(trap_1399_FS_unlink.o)
                              Obj/GNU_ARM_DEBUG/porting.o (FS_unlink)
C:/Arquivos de programas/SDK30/SDK 7.5.1/SDK/lib_gnu/trap.lib(trap_139A_FS_exist.o)
                              Obj/GNU_ARM_DEBUG/porting.o (FS_exist)
C:/Arquivos de programas/SDK30/SDK 7.5.1/SDK/lib_gnu/trap.lib(trap_139B_FS_open.o)
                              Obj/GNU_ARM_DEBUG/porting.o (FS_open)
C:/Arquivos de programas/SDK30/SDK 7.5.1/SDK/lib_gnu/trap.lib(trap_139C_FS_close.o)
                              Obj/GNU_ARM_DEBUG/porting.o (FS_close)
C:/Arquivos de programas/SDK30/SDK 7.5.1/SDK/lib_gnu/trap.lib(trap_139D_FS_read.o)
                              Obj/GNU_ARM_DEBUG/porting.o (FS_read)
C:/Arquivos de programas/SDK30/SDK 7.5.1/SDK/lib_gnu/trap.lib(trap_139E_FS_write.o)
                              Obj/GNU_ARM_DEBUG/porting.o (FS_write)
C:/Arquivos de programas/SDK30/SDK 7.5.1/SDK/lib_gnu/trap.lib(trap_139F_FS_flush.o)
                              Obj/GNU_ARM_DEBUG/porting.o (FS_flush)
C:/Arquivos de programas/SDK30/SDK 7.5.1/SDK/lib_gnu/trap.lib(trap_13A1_FS_length.o)
                              Obj/GNU_ARM_DEBUG/porting.o (FS_length)
C:/Arquivos de programas/SDK30/SDK 7.5.1/SDK/lib_gnu/trap.lib(trap_13A5_FS_GarbageCollection.o)
                              Obj/GNU_ARM_DEBUG/porting.o (FS_GarbageCollection)
C:/Arquivos de programas/SDK30/SDK 7.5.1/SDK/lib_gnu/trap.lib(trap_13B2_ApplicationGetCurrent.o)
                              Obj/GNU_ARM_DEBUG/Main.o (ApplicationGetCurrent)
C:/Arquivos de programas/SDK30/SDK 7.5.1/SDK/lib_gnu/trap.lib(trap_13C2_InitGkDrv.o)
                              C:/Arquivos de programas/SDK30/SDK 7.5.1/SDK/lib_gnu/eft30.lib(LibAppli.o) (InitGkDrv)
C:/Arquivos de programas/SDK30/SDK 7.5.1/SDK/lib_gnu/trap.lib(trap_1414_fioctl.o)
                              Obj/GNU_ARM_DEBUG/porting.o (fioctl)
C:/Arquivos de programas/SDK30/SDK 7.5.1/SDK/lib_gnu/trap.lib(trap_1426_get_tick_counter.o)
                              Obj/GNU_ARM_DEBUG/porting.o (get_tick_counter)
C:/Arquivos de programas/SDK30/SDK 7.5.1/SDK/lib_gnu/AVL.lib(Proxy.o)
                              Obj/GNU_ARM_DEBUG/porting.o (TlvTree_New)
C:/Arquivos de programas/SDK30/SDK 7.5.1/SDK/lib_gnu/AVL.lib(Serializer.o)
                              C:/Arquivos de programas/SDK30/SDK 7.5.1/SDK/lib_gnu/AVL.lib(Proxy.o) (__TlvTree_Serialize)
C:/Arquivos de programas/SDK30/SDK 7.5.1/SDK/lib_gnu/AVL.lib(Serializer_Default.o)
                              C:/Arquivos de programas/SDK30/SDK 7.5.1/SDK/lib_gnu/AVL.lib(Serializer.o) (__TlvTree_Serialize_Default)
C:/Arquivos de programas/SDK30/SDK 7.5.1/SDK/lib_gnu/AVL.lib(Serializer_Xml.o)
                              C:/Arquivos de programas/SDK30/SDK 7.5.1/SDK/lib_gnu/AVL.lib(Serializer.o) (__TlvTree_Serialize_Xml)
C:/Arquivos de programas/SDK30/SDK 7.5.1/SDK/lib_gnu/AVL.lib(XMLs.o)
                              C:/Arquivos de programas/SDK30/SDK 7.5.1/SDK/lib_gnu/AVL.lib(Serializer_Xml.o) (XMLs_ParserOpen)
C:/Arquivos de programas/SDK30/SDK 7.5.1/SDK/lib_gnu/AVL.lib(XMLs_Parser.o)
                              C:/Arquivos de programas/SDK30/SDK 7.5.1/SDK/lib_gnu/AVL.lib(XMLs.o) (XMLgr_Document)
C:/Arquivos de programas/SDK30/SDK 7.5.1/SDK/lib_gnu/AVL.lib(XMLs_ProcessData.o)
                              C:/Arquivos de programas/SDK30/SDK 7.5.1/SDK/lib_gnu/AVL.lib(Serializer_Xml.o) (XMLs_ProcessData)
C:/Arquivos de programas/SDK30/SDK 7.5.1/SDK/lib_gnu/AVL.lib(Internal.o)
                              C:/Arquivos de programas/SDK30/SDK 7.5.1/SDK/lib_gnu/AVL.lib(Proxy.o) (__TlvTree_New)
C:/Arquivos de programas/SDK30/SDK 7.5.1/SDK/lib_gnu/LinkLayerExeInterface.lib(LinkLayerServices.o)
                              Obj/GNU_ARM_DEBUG/porting.o (LL_Configure)
C:/Arquivos de programas/SDK30/SDK 7.5.1/SDK/lib_gnu/eft30.lib(extens87.o)
                              C:/Arquivos de programas/SDK30/SDK 7.5.1/SDK/lib_gnu/LinkLayerExeInterface.lib(LinkLayerServices.o) (USR_ServiceCall)
C:/Arquivos de programas/SDK30/SDK 7.5.1/SDK/lib_gnu/trap.lib(trap_133D_memmove.o)
                              C:/Arquivos de programas/SDK30/SDK 7.5.1/SDK/lib_gnu/AVL.lib(Serializer_Xml.o) (memmove)
C:/Arquivos de programas/SDK30/SDK 7.5.1/SDK/lib_gnu/trap.lib(trap_1343_strcmp.o)
                              C:/Arquivos de programas/SDK30/SDK 7.5.1/SDK/lib_gnu/AVL.lib(Serializer_Xml.o) (strcmp)
C:/Arquivos de programas/SDK30/SDK 7.5.1/SDK/lib_gnu/trap.lib(trap_1386_upload_diagnostic_txt.o)
                              C:/Arquivos de programas/SDK30/SDK 7.5.1/SDK/lib_gnu/LinkLayerExeInterface.lib(LinkLayerServices.o) (upload_diagnostic_txt)
C:/Arquivos de programas/SDK30/SDK 7.5.1/SDK/lib_gnu/trap.lib(trap_1406_umalloc.o)
                              C:/Arquivos de programas/SDK30/SDK 7.5.1/SDK/lib_gnu/AVL.lib(Serializer_Xml.o) (umalloc)
C:/Arquivos de programas/SDK30/SDK 7.5.1/SDK/lib_gnu/trap.lib(trap_1407_ufree.o)
                              C:/Arquivos de programas/SDK30/SDK 7.5.1/SDK/lib_gnu/AVL.lib(Serializer_Xml.o) (ufree)
C:/Arquivos de programas/Ingenico/IngeDev_7/plugins/com.ingenico.ingedev.telium.bin.win32.gnuarm.v343_7.5.0.0/os/win32/GNUARM/3.4.3/arm-elf/lib/thumb/soft/interwork/libc.a(strchr.o)
                              C:/Arquivos de programas/SDK30/SDK 7.5.1/SDK/lib_gnu/AVL.lib(Serializer_Xml.o) (strchr)
C:/Arquivos de programas/Ingenico/IngeDev_7/plugins/com.ingenico.ingedev.telium.bin.win32.gnuarm.v343_7.5.0.0/os/win32/GNUARM/3.4.3/arm-elf/lib/thumb/soft/interwork/libc.a(strlen.o)
                              Obj/GNU_ARM_DEBUG/porting.o (strlen)
C:/Arquivos de programas/Ingenico/IngeDev_7/plugins/com.ingenico.ingedev.telium.bin.win32.gnuarm.v343_7.5.0.0/os/win32/GNUARM/3.4.3/arm-elf/lib/thumb/soft/interwork/libc.a(strstr.o)
                              C:/Arquivos de programas/SDK30/SDK 7.5.1/SDK/lib_gnu/AVL.lib(XMLs_ProcessData.o) (strstr)
C:/Arquivos de programas/Ingenico/IngeDev_7/plugins/com.ingenico.ingedev.telium.bin.win32.gnuarm.v343_7.5.0.0/os/win32/GNUARM/3.4.3/arm-elf/lib/thumb/soft/interwork/libc.a(strtoul.o)
                              C:/Arquivos de programas/SDK30/SDK 7.5.1/SDK/lib_gnu/AVL.lib(Serializer_Xml.o) (strtoul)
C:/Arquivos de programas/Ingenico/IngeDev_7/plugins/com.ingenico.ingedev.telium.bin.win32.gnuarm.v343_7.5.0.0/os/win32/GNUARM/3.4.3/arm-elf/lib/thumb/soft/interwork/libc.a(ctype_.o)
                              C:/Arquivos de programas/Ingenico/IngeDev_7/plugins/com.ingenico.ingedev.telium.bin.win32.gnuarm.v343_7.5.0.0/os/win32/GNUARM/3.4.3/arm-elf/lib/thumb/soft/interwork/libc.a(strtoul.o) (_ctype_)
C:/Arquivos de programas/Ingenico/IngeDev_7/plugins/com.ingenico.ingedev.telium.bin.win32.gnuarm.v343_7.5.0.0/os/win32/GNUARM/3.4.3/arm-elf/lib/thumb/soft/interwork/libc.a(impure.o)
                              C:/Arquivos de programas/Ingenico/IngeDev_7/plugins/com.ingenico.ingedev.telium.bin.win32.gnuarm.v343_7.5.0.0/os/win32/GNUARM/3.4.3/arm-elf/lib/thumb/soft/interwork/libc.a(strtoul.o) (_impure_ptr)
C:/Arquivos de programas/Ingenico/IngeDev_7/plugins/com.ingenico.ingedev.telium.bin.win32.gnuarm.v343_7.5.0.0/os/win32/GNUARM/3.4.3/lib/gcc/arm-elf/3.4.3/thumb/soft/interwork/libgcc.a(_udivsi3.o)
                              Obj/GNU_ARM_DEBUG/porting.o (__udivsi3)
C:/Arquivos de programas/Ingenico/IngeDev_7/plugins/com.ingenico.ingedev.telium.bin.win32.gnuarm.v343_7.5.0.0/os/win32/GNUARM/3.4.3/lib/gcc/arm-elf/3.4.3/thumb/soft/interwork/libgcc.a(_umodsi3.o)
                              C:/Arquivos de programas/Ingenico/IngeDev_7/plugins/com.ingenico.ingedev.telium.bin.win32.gnuarm.v343_7.5.0.0/os/win32/GNUARM/3.4.3/arm-elf/lib/thumb/soft/interwork/libc.a(strtoul.o) (__umodsi3)
C:/Arquivos de programas/Ingenico/IngeDev_7/plugins/com.ingenico.ingedev.telium.bin.win32.gnuarm.v343_7.5.0.0/os/win32/GNUARM/3.4.3/lib/gcc/arm-elf/3.4.3/thumb/soft/interwork/libgcc.a(_dvmd_tls.o)
                              C:/Arquivos de programas/Ingenico/IngeDev_7/plugins/com.ingenico.ingedev.telium.bin.win32.gnuarm.v343_7.5.0.0/os/win32/GNUARM/3.4.3/lib/gcc/arm-elf/3.4.3/thumb/soft/interwork/libgcc.a(_udivsi3.o) (__div0)
C:/Arquivos de programas/Ingenico/IngeDev_7/plugins/com.ingenico.ingedev.telium.bin.win32.gnuarm.v343_7.5.0.0/os/win32/GNUARM/3.4.3/lib/gcc/arm-elf/3.4.3/thumb/soft/interwork/libgcc.a(_call_via_rX.o)
                              C:/Arquivos de programas/SDK30/SDK 7.5.1/SDK/lib_gnu/eft30.lib(extens.o) (_call_via_r0)

Allocating common symbols
Common symbol       size              file

DllGetProcAddress3  0x4               C:/Arquivos de programas/SDK30/SDK 7.5.1/SDK/lib_gnu/eft30.lib(extens.o)
DllGetProcAddress6  0x4               C:/Arquivos de programas/SDK30/SDK 7.5.1/SDK/lib_gnu/eft30.lib(libgr.o)
parm                0x24              Obj/GNU_ARM_DEBUG/app_sys.o
retCom              0x18              Obj/GNU_ARM_DEBUG/app_sys.o
filesys             0x80              Obj/GNU_ARM_DEBUG/porting.o

Memory Configuration

Name             Origin             Length             Attributes
*default*        0x00000000         0xffffffff

Linker script and memory map

                0x00000000                . = 0x0
                0x00000000                __text_start = .

.text           0x00000000     0x4d1c
 *(.first)
 .first         0x00000000       0xa0 Obj/GNU_ARM_DEBUG/cstartup.o
                0x00000000                _start
 *(.text .text.*)
 .text          0x000000a0      0x2e0 Obj/GNU_ARM_DEBUG/Main.o
                0x000000a0                Main
 .text          0x00000380      0x4d8 Obj/GNU_ARM_DEBUG/Entry.o
                0x00000818                entry
                0x00000380                give_your_domain
                0x000003f4                is_name
                0x000006cc                file_received
                0x000005c8                is_change_init
                0x000004d0                more_function
                0x0000063c                modif_param
                0x00000508                state
                0x000004b4                idle_message
                0x00000704                is_card_specific
                0x000006a8                is_delete
                0x0000055c                is_time_function
                0x000004ec                keyboard_event
                0x0000045c                is_state
                0x00000754                card_inside
                0x000007a8                give_interface
                0x000006e8                message_received
                0x0000078c                debit_non_emv
                0x000005ac                time_function
                0x00000770                is_for_you_after
                0x00000658                is_evol_pg
                0x00000524                consult
                0x000003d8                after_reset
                0x00000540                mcall
 .text          0x00000858     0x15cc Obj/GNU_ARM_DEBUG/porting.o
                0x00001c4c                sndSDLC
                0x00000918                debugH
                0x00000ba0                readKeyPos
                0x00000920                resetPrint
                0x00001820                SaveConfSDLC
                0x00000af4                clearDisplay
                0x000019cc                discaSDLC
                0x00000e64                charSearch
                0x00000c98                put_memory
                0x00000c24                init_flash
                0x00001b48                chk_sdlc
                0x00001814                getStatSDLC
                0x00000858                resetConsole
                0x00001244                put_env
                0x00001d18                recvSDLC
                0x00000acc                waitTime
                0x00000a20                beepPOS
                0x00000a5c                get_parm
                0x00000b00                writeDisp
                0x00001890                resetSDLC
                0x00000f98                get_env
                0x00000ec8                get_memory
                0x00000bfc                get_milli_sec
 .text          0x00001e24      0x210 Obj/GNU_ARM_DEBUG/aplic.o
                0x00001f4c                menu
                0x00002008                mostraMenu
                0x00001e24                main_telium
                0x00001e98                initEnvironment
 .text          0x00002034      0x42c Obj/GNU_ARM_DEBUG/app_sys.o
                0x00002128                procP2
                0x00002034                ResetDispComm
                0x0000223c                isConnected
                0x0000227c                getStatCom
                0x00002340                transaciona
                0x00002064                makeISO
                0x000020e0                recvISO
                0x000021e0                printfPOS
                0x00002164                loadParm
                0x00002098                sendISO
                0x00002044                discaPos
 .text          0x00002460       0x58 C:/Arquivos de programas/SDK30/SDK 7.5.1/SDK/lib_gnu/eft30.lib(extens232.o)
                0x00002460                Beep
 .text          0x000024b8       0x4c C:/Arquivos de programas/SDK30/SDK 7.5.1/SDK/lib_gnu/eft30.lib(libgr115.o)
                0x000024b8                FontFindFirst
 .text          0x00002504       0x4c C:/Arquivos de programas/SDK30/SDK 7.5.1/SDK/lib_gnu/eft30.lib(libgr116.o)
                0x00002504                FontFindNext
 .text          0x00002550       0x4c C:/Arquivos de programas/SDK30/SDK 7.5.1/SDK/lib_gnu/eft30.lib(libgr54.o)
                0x00002550                DefCurrentFont
 .text          0x0000259c       0x4c C:/Arquivos de programas/SDK30/SDK 7.5.1/SDK/lib_gnu/eft30.lib(libgr68.o)
                0x0000259c                LoadFont
 .text          0x000025e8      0x19c C:/Arquivos de programas/SDK30/SDK 7.5.1/SDK/lib_gnu/eft30.lib(LibAppli.o)
                0x000026d8                putchar
                0x0000263c                printf
                0x00002660                format
                0x000026f0                puts
                0x000025e8                fprintf
                0x00002604                vprintf
                0x00002704                InitGK
                0x00002620                sprintf
                0x00002730                WaitOnError
                0x0000267c                OEM_exit_asm
                0x00002688                __stdprt
                0x00002780                InitVar_vide
                0x00002720                TrapResetDiv0
                0x000026a0                pprintf
 .text          0x00002784       0x5c C:/Arquivos de programas/SDK30/SDK 7.5.1/SDK/lib_gnu/eft30.lib(extens.o)
                0x000027d0                extenslib_close
                0x00002784                extenslib_open
 .text          0x000027e0       0x5c C:/Arquivos de programas/SDK30/SDK 7.5.1/SDK/lib_gnu/eft30.lib(libgr.o)
                0x000027e0                libgrlib_open
                0x0000282c                libgrlib_close
 .text          0x0000283c       0x10 C:/Arquivos de programas/SDK30/SDK 7.5.1/SDK/lib_gnu/trap.lib(trap_1302___STDOUT.o)
                0x0000283c                __STDOUT
 .text          0x0000284c       0x10 C:/Arquivos de programas/SDK30/SDK 7.5.1/SDK/lib_gnu/trap.lib(trap_1313_fclose.o)
                0x0000284c                fclose
 .text          0x0000285c       0x10 C:/Arquivos de programas/SDK30/SDK 7.5.1/SDK/lib_gnu/trap.lib(trap_1314_fopen.o)
                0x0000285c                fopen
 .text          0x0000286c       0x10 C:/Arquivos de programas/SDK30/SDK 7.5.1/SDK/lib_gnu/trap.lib(trap_1319_getc.o)
                0x0000286c                getc
 .text          0x0000287c       0x10 C:/Arquivos de programas/SDK30/SDK 7.5.1/SDK/lib_gnu/trap.lib(trap_131A_reset_buf.o)
                0x0000287c                reset_buf
 .text          0x0000288c       0x10 C:/Arquivos de programas/SDK30/SDK 7.5.1/SDK/lib_gnu/trap.lib(trap_131B___STDIN.o)
                0x0000288c                __STDIN
 .text          0x0000289c       0x10 C:/Arquivos de programas/SDK30/SDK 7.5.1/SDK/lib_gnu/trap.lib(trap_1320_gotoxy.o)
                0x0000289c                gotoxy
 .text          0x000028ac       0x10 C:/Arquivos de programas/SDK30/SDK 7.5.1/SDK/lib_gnu/trap.lib(trap_1323__vfprintf.o)
                0x000028ac                _vfprintf
 .text          0x000028bc       0x10 C:/Arquivos de programas/SDK30/SDK 7.5.1/SDK/lib_gnu/trap.lib(trap_1324_vsprintf.o)
                0x000028bc                vsprintf
 .text          0x000028cc       0x10 C:/Arquivos de programas/SDK30/SDK 7.5.1/SDK/lib_gnu/trap.lib(trap_1328_putc.o)
                0x000028cc                putc
 .text          0x000028dc       0x10 C:/Arquivos de programas/SDK30/SDK 7.5.1/SDK/lib_gnu/trap.lib(trap_1329_ttestall.o)
                0x000028dc                ttestall
 .text          0x000028ec       0x10 C:/Arquivos de programas/SDK30/SDK 7.5.1/SDK/lib_gnu/trap.lib(trap_132C_FormatOem.o)
                0x000028ec                FormatOem
 .text          0x000028fc       0x10 C:/Arquivos de programas/SDK30/SDK 7.5.1/SDK/lib_gnu/trap.lib(trap_133C_memcpy.o)
                0x000028fc                memcpy
 .text          0x0000290c       0x10 C:/Arquivos de programas/SDK30/SDK 7.5.1/SDK/lib_gnu/trap.lib(trap_133E_strcpy.o)
                0x0000290c                strcpy
 .text          0x0000291c       0x10 C:/Arquivos de programas/SDK30/SDK 7.5.1/SDK/lib_gnu/trap.lib(trap_1340_strcat.o)
                0x0000291c                strcat
 .text          0x0000292c       0x10 C:/Arquivos de programas/SDK30/SDK 7.5.1/SDK/lib_gnu/trap.lib(trap_1342_memcmp.o)
                0x0000292c                memcmp
 .text          0x0000293c       0x10 C:/Arquivos de programas/SDK30/SDK 7.5.1/SDK/lib_gnu/trap.lib(trap_1346_memset.o)
                0x0000293c                memset
 .text          0x0000294c       0x10 C:/Arquivos de programas/SDK30/SDK 7.5.1/SDK/lib_gnu/trap.lib(trap_1348_ObjectGetInfo.o)
                0x0000294c                ObjectGetInfo
 .text          0x0000295c       0x10 C:/Arquivos de programas/SDK30/SDK 7.5.1/SDK/lib_gnu/trap.lib(trap_1349_ObjectLoad.o)
                0x0000295c                ObjectLoad
 .text          0x0000296c       0x10 C:/Arquivos de programas/SDK30/SDK 7.5.1/SDK/lib_gnu/trap.lib(trap_134B_FreeSpace.o)
                0x0000296c                FreeSpace
 .text          0x0000297c       0x10 C:/Arquivos de programas/SDK30/SDK 7.5.1/SDK/lib_gnu/trap.lib(trap_134D_ServiceRegister.o)
                0x0000297c                ServiceRegister
 .text          0x0000298c       0x10 C:/Arquivos de programas/SDK30/SDK 7.5.1/SDK/lib_gnu/trap.lib(trap_1350_DllLink.o)
                0x0000298c                DllLink
 .text          0x0000299c       0x10 C:/Arquivos de programas/SDK30/SDK 7.5.1/SDK/lib_gnu/trap.lib(trap_1352_DllUnlink.o)
                0x0000299c                DllUnlink
 .text          0x000029ac       0x10 C:/Arquivos de programas/SDK30/SDK 7.5.1/SDK/lib_gnu/trap.lib(trap_1356_stdperif.o)
                0x000029ac                stdperif
 .text          0x000029bc       0x10 C:/Arquivos de programas/SDK30/SDK 7.5.1/SDK/lib_gnu/trap.lib(trap_135B_StartRetroEclairage.o)
                0x000029bc                StartRetroEclairage
 .text          0x000029cc       0x10 C:/Arquivos de programas/SDK30/SDK 7.5.1/SDK/lib_gnu/trap.lib(trap_1369_startupcv20.o)
                0x000029cc                startupcv20
 .text          0x000029dc       0x10 C:/Arquivos de programas/SDK30/SDK 7.5.1/SDK/lib_gnu/trap.lib(trap_1375_download.o)
                0x000029dc                download
 .text          0x000029ec       0x10 C:/Arquivos de programas/SDK30/SDK 7.5.1/SDK/lib_gnu/trap.lib(trap_1378_OEM_exit.o)
                0x000029ec                OEM_exit
 .text          0x000029fc       0x10 C:/Arquivos de programas/SDK30/SDK 7.5.1/SDK/lib_gnu/trap.lib(trap_138D_FS_mount.o)
                0x000029fc                FS_mount
 .text          0x00002a0c       0x10 C:/Arquivos de programas/SDK30/SDK 7.5.1/SDK/lib_gnu/trap.lib(trap_1398_FS_rename.o)
                0x00002a0c                FS_rename
 .text          0x00002a1c       0x10 C:/Arquivos de programas/SDK30/SDK 7.5.1/SDK/lib_gnu/trap.lib(trap_1399_FS_unlink.o)
                0x00002a1c                FS_unlink
 .text          0x00002a2c       0x10 C:/Arquivos de programas/SDK30/SDK 7.5.1/SDK/lib_gnu/trap.lib(trap_139A_FS_exist.o)
                0x00002a2c                FS_exist
 .text          0x00002a3c       0x10 C:/Arquivos de programas/SDK30/SDK 7.5.1/SDK/lib_gnu/trap.lib(trap_139B_FS_open.o)
                0x00002a3c                FS_open
 .text          0x00002a4c       0x10 C:/Arquivos de programas/SDK30/SDK 7.5.1/SDK/lib_gnu/trap.lib(trap_139C_FS_close.o)
                0x00002a4c                FS_close
 .text          0x00002a5c       0x10 C:/Arquivos de programas/SDK30/SDK 7.5.1/SDK/lib_gnu/trap.lib(trap_139D_FS_read.o)
                0x00002a5c                FS_read
 .text          0x00002a6c       0x10 C:/Arquivos de programas/SDK30/SDK 7.5.1/SDK/lib_gnu/trap.lib(trap_139E_FS_write.o)
                0x00002a6c                FS_write
 .text          0x00002a7c       0x10 C:/Arquivos de programas/SDK30/SDK 7.5.1/SDK/lib_gnu/trap.lib(trap_139F_FS_flush.o)
                0x00002a7c                FS_flush
 .text          0x00002a8c       0x10 C:/Arquivos de programas/SDK30/SDK 7.5.1/SDK/lib_gnu/trap.lib(trap_13A1_FS_length.o)
                0x00002a8c                FS_length
 .text          0x00002a9c       0x10 C:/Arquivos de programas/SDK30/SDK 7.5.1/SDK/lib_gnu/trap.lib(trap_13A5_FS_GarbageCollection.o)
                0x00002a9c                FS_GarbageCollection
 .text          0x00002aac       0x10 C:/Arquivos de programas/SDK30/SDK 7.5.1/SDK/lib_gnu/trap.lib(trap_13B2_ApplicationGetCurrent.o)
                0x00002aac                ApplicationGetCurrent
 .text          0x00002abc       0x10 C:/Arquivos de programas/SDK30/SDK 7.5.1/SDK/lib_gnu/trap.lib(trap_13C2_InitGkDrv.o)
                0x00002abc                InitGkDrv
 .text          0x00002acc       0x10 C:/Arquivos de programas/SDK30/SDK 7.5.1/SDK/lib_gnu/trap.lib(trap_1414_fioctl.o)
                0x00002acc                fioctl
 .text          0x00002adc       0x10 C:/Arquivos de programas/SDK30/SDK 7.5.1/SDK/lib_gnu/trap.lib(trap_1426_get_tick_counter.o)
                0x00002adc                get_tick_counter
 .text          0x00002aec      0x168 C:/Arquivos de programas/SDK30/SDK 7.5.1/SDK/lib_gnu/AVL.lib(Proxy.o)
                0x00002c3c                TlvTree_SetTag
                0x00002c48                TlvTree_Copy
                0x00002b64                TlvTree_Serialize
                0x00002bd0                TlvTree_GetTag
                0x00002bdc                TlvTree_GetLength
                0x00002bc4                TlvTree_GetNext
                0x00002b94                TlvTree_Iterate
                0x00002bb8                TlvTree_GetParent
                0x00002af8                TlvTree_AddChild
                0x00002b04                TlvTree_AddChildInteger
                0x00002c1c                TlvTree_SetDataInteger
                0x00002b88                TlvTree_Find
                0x00002b20                TlvTree_AddChildString
                0x00002b7c                TlvTree_Unserialize
                0x00002be8                TlvTree_GetData
                0x00002bf4                TlvTree_SetData
                0x00002bac                TlvTree_GetFirstChild
                0x00002c00                TlvTree_SetDataString
                0x00002b70                TlvTree_GetSerializationSize
                0x00002b58                TlvTree_Release
                0x00002b40                TlvTree_Graft
                0x00002aec                TlvTree_New
                0x00002b4c                TlvTree_RemoveChild
 .text          0x00002c54       0xa0 C:/Arquivos de programas/SDK30/SDK 7.5.1/SDK/lib_gnu/AVL.lib(Serializer.o)
                0x00002cd0                __TlvTree_GetSerializationSize
                0x00002c80                __TlvTree_Unserialize
                0x00002c54                __TlvTree_Serialize
 .text          0x00002cf4      0x2c8 C:/Arquivos de programas/SDK30/SDK 7.5.1/SDK/lib_gnu/AVL.lib(Serializer_Default.o)
                0x00002d64                __TlvTree_Serialize_Default
                0x00002eb8                __TlvTree_Unserialize_Default
                0x00002e74                __TlvTree_GetSerializationSize_Default
 .text          0x00002fbc      0x7ac C:/Arquivos de programas/SDK30/SDK 7.5.1/SDK/lib_gnu/AVL.lib(Serializer_Xml.o)
                0x00003690                __TlvTree_Unserialize_Xml
                0x000032a4                __TlvTree_GetSerializationSize_Xml
                0x00003090                __TlvTree_Serialize_Xml
 .text          0x00003768      0x150 C:/Arquivos de programas/SDK30/SDK 7.5.1/SDK/lib_gnu/AVL.lib(XMLs.o)
                0x000037b8                XMLs_ParserClose
                0x000037dc                XMLs_Parse
                0x00003828                XMLs_SetUserData
                0x00003860                XMLs_Abort
                0x00003788                XMLs_ParserOpen
                0x00003848                XMLs_GetUserData
                0x00003880                XMLs_GetParsingState
 .text          0x000038b8      0x5cc C:/Arquivos de programas/SDK30/SDK 7.5.1/SDK/lib_gnu/AVL.lib(XMLs_Parser.o)
                0x000039f8                XMLgr_Document
 .text          0x00003e84      0x1a8 C:/Arquivos de programas/SDK30/SDK 7.5.1/SDK/lib_gnu/AVL.lib(XMLs_ProcessData.o)
                0x00003ea8                XMLs_ProcessData
 .text          0x0000402c      0x314 C:/Arquivos de programas/SDK30/SDK 7.5.1/SDK/lib_gnu/AVL.lib(Internal.o)
                0x000041bc                __TlvTree_Find
                0x0000420c                __TlvTree_GetNext
                0x00004064                __TlvTree_SetData
                0x0000430c                __TlvTree_Release
                0x00004204                __TlvTree_GetFirstChild
                0x00004228                __TlvTree_GetData
                0x00004290                __TlvTree_RemoveChild
                0x0000422c                __TlvTree_Copy
                0x00004210                __TlvTree_GetTag
                0x00004054                __TlvTree_New
                0x0000402c                __TlvTree_NewNode
                0x000040c0                __TlvTree_AddChild
                0x000040bc                __TlvTree_SetTag
                0x000040f4                __TlvTree_Graft
                0x00004214                __TlvTree_GetLength
                0x00004208                __TlvTree_GetParent
                0x000042e0                __TlvTree_DeleteNode
                0x00004140                __TlvTree_GetNextNode
 .text          0x00004340      0x5b8 C:/Arquivos de programas/SDK30/SDK 7.5.1/SDK/lib_gnu/LinkLayerExeInterface.lib(LinkLayerServices.o)
                0x000043fc                LL_GetInfo
                0x000046a0                LL_WaitEvent
                0x00004648                LL_GetLastError
                0x000045f0                LL_ClearSendBuffer
                0x0000481c                LL_GSM_Start
                0x0000489c                LL_GetHandle
                0x00004568                LL_Receive
                0x000044e4                LL_Send
                0x000046d0                LL_Network_GetStatus
                0x0000448c                LL_Connect
                0x000044b8                LL_Disconnect
                0x0000477c                LL_GPRS_Connect
                0x00004708                LL_GPRS_Start
                0x0000461c                LL_ClearReceiveBuffer
                0x00004874                LL_GSM_Stop
                0x00004340                LL_Configure
                0x000047f4                LL_GPRS_Stop
                0x00004674                LL_GetStatus
 .text          0x000048f8       0xc8 C:/Arquivos de programas/SDK30/SDK 7.5.1/SDK/lib_gnu/eft30.lib(extens87.o)
                0x000048f8                USR_ServiceCall
                0x0000495c                USQ_ServiceCall
 .text          0x000049c0       0x10 C:/Arquivos de programas/SDK30/SDK 7.5.1/SDK/lib_gnu/trap.lib(trap_133D_memmove.o)
                0x000049c0                memmove
 .text          0x000049d0       0x10 C:/Arquivos de programas/SDK30/SDK 7.5.1/SDK/lib_gnu/trap.lib(trap_1343_strcmp.o)
                0x000049d0                strcmp
 .text          0x000049e0       0x10 C:/Arquivos de programas/SDK30/SDK 7.5.1/SDK/lib_gnu/trap.lib(trap_1386_upload_diagnostic_txt.o)
                0x000049e0                upload_diagnostic_txt
 .text          0x000049f0       0x10 C:/Arquivos de programas/SDK30/SDK 7.5.1/SDK/lib_gnu/trap.lib(trap_1406_umalloc.o)
                0x000049f0                umalloc
 .text          0x00004a00       0x10 C:/Arquivos de programas/SDK30/SDK 7.5.1/SDK/lib_gnu/trap.lib(trap_1407_ufree.o)
                0x00004a00                ufree
 .text          0x00004a10       0x20 C:/Arquivos de programas/Ingenico/IngeDev_7/plugins/com.ingenico.ingedev.telium.bin.win32.gnuarm.v343_7.5.0.0/os/win32/GNUARM/3.4.3/arm-elf/lib/thumb/soft/interwork/libc.a(strchr.o)
                0x00004a10                strchr
 .text          0x00004a30       0x14 C:/Arquivos de programas/Ingenico/IngeDev_7/plugins/com.ingenico.ingedev.telium.bin.win32.gnuarm.v343_7.5.0.0/os/win32/GNUARM/3.4.3/arm-elf/lib/thumb/soft/interwork/libc.a(strlen.o)
                0x00004a30                strlen
 .text          0x00004a44       0x34 C:/Arquivos de programas/Ingenico/IngeDev_7/plugins/com.ingenico.ingedev.telium.bin.win32.gnuarm.v343_7.5.0.0/os/win32/GNUARM/3.4.3/arm-elf/lib/thumb/soft/interwork/libc.a(strstr.o)
                0x00004a44                strstr
 .text          0x00004a78      0x120 C:/Arquivos de programas/Ingenico/IngeDev_7/plugins/com.ingenico.ingedev.telium.bin.win32.gnuarm.v343_7.5.0.0/os/win32/GNUARM/3.4.3/arm-elf/lib/thumb/soft/interwork/libc.a(strtoul.o)
                0x00004b78                strtoul
                0x00004a78                _strtoul_r
 .text          0x00004b98       0x7c C:/Arquivos de programas/Ingenico/IngeDev_7/plugins/com.ingenico.ingedev.telium.bin.win32.gnuarm.v343_7.5.0.0/os/win32/GNUARM/3.4.3/lib/gcc/arm-elf/3.4.3/thumb/soft/interwork/libgcc.a(_udivsi3.o)
                0x00004b98                __udivsi3
 .text          0x00004c14       0xc8 C:/Arquivos de programas/Ingenico/IngeDev_7/plugins/com.ingenico.ingedev.telium.bin.win32.gnuarm.v343_7.5.0.0/os/win32/GNUARM/3.4.3/lib/gcc/arm-elf/3.4.3/thumb/soft/interwork/libgcc.a(_umodsi3.o)
                0x00004c14                __umodsi3
 .text          0x00004cdc        0x4 C:/Arquivos de programas/Ingenico/IngeDev_7/plugins/com.ingenico.ingedev.telium.bin.win32.gnuarm.v343_7.5.0.0/os/win32/GNUARM/3.4.3/lib/gcc/arm-elf/3.4.3/thumb/soft/interwork/libgcc.a(_dvmd_tls.o)
                0x00004cdc                __div0
 .text          0x00004ce0       0x3c C:/Arquivos de programas/Ingenico/IngeDev_7/plugins/com.ingenico.ingedev.telium.bin.win32.gnuarm.v343_7.5.0.0/os/win32/GNUARM/3.4.3/lib/gcc/arm-elf/3.4.3/thumb/soft/interwork/libgcc.a(_call_via_rX.o)
                0x00004ce8                _call_via_r2
                0x00004cf8                _call_via_r6
                0x00004cf4                _call_via_r5
                0x00004cec                _call_via_r3
                0x00004d0c                _call_via_fp
                0x00004d00                _call_via_r8
                0x00004cfc                _call_via_r7
                0x00004ce0                _call_via_r0
                0x00004d08                _call_via_sl
                0x00004d14                _call_via_sp
                0x00004d04                _call_via_r9
                0x00004cf0                _call_via_r4
                0x00004ce4                _call_via_r1
                0x00004d10                _call_via_ip
                0x00004d18                _call_via_lr
 *(.gnu.linkonce.t.*)
 *(.strings .strings.*)
 *(.glue_7)
 *(.glue_7t)
 *(.gcc_except_table)

.eh_frame
 *(.eh_frame)

.jcr
 *(.jcr)

.ctors          0x00004d1c        0x0
                0x00004d1c                __ctors_start = .
 *(SORT(.ctors.*))
 *(.ctors)
                0x00004d1c                __ctors_end = .

.dtors          0x00004d1c        0x0
                0x00004d1c                __dtors_start = .
 *(SORT(.dtors.*))
 *(.dtors)
                0x00004d1c                __dtors_end = .

.rodata         0x00004d1c      0x902
 *(.rodata .rodata.*)
 .rodata        0x00004d1c       0xb0 Obj/GNU_ARM_DEBUG/Main.o
 .rodata        0x00004dcc      0x11c Obj/GNU_ARM_DEBUG/porting.o
 .rodata        0x00004ee8      0x128 Obj/GNU_ARM_DEBUG/aplic.o
 .rodata        0x00005010      0x2b0 Obj/GNU_ARM_DEBUG/app_sys.o
 .rodata.str1.4
                0x000052c0        0x5 C:/Arquivos de programas/SDK30/SDK 7.5.1/SDK/lib_gnu/eft30.lib(extens232.o)
                                  0x8 (size before relaxing)
 *fill*         0x000052c5        0x3 00
 .rodata.str1.4
                0x000052c8        0xe C:/Arquivos de programas/SDK30/SDK 7.5.1/SDK/lib_gnu/eft30.lib(libgr115.o)
                                 0x10 (size before relaxing)
 *fill*         0x000052d6        0x2 00
 .rodata.str1.4
                0x000052d8        0xd C:/Arquivos de programas/SDK30/SDK 7.5.1/SDK/lib_gnu/eft30.lib(libgr116.o)
                                 0x10 (size before relaxing)
 *fill*         0x000052e5        0x3 00
 .rodata.str1.4
                0x000052e8        0xf C:/Arquivos de programas/SDK30/SDK 7.5.1/SDK/lib_gnu/eft30.lib(libgr54.o)
                                 0x10 (size before relaxing)
 *fill*         0x000052f7        0x1 00
 .rodata.str1.4
                0x000052f8        0x9 C:/Arquivos de programas/SDK30/SDK 7.5.1/SDK/lib_gnu/eft30.lib(libgr68.o)
                                  0xc (size before relaxing)
 *fill*         0x00005301        0x3 00
 .rodata.str1.4
                0x00005304       0x25 C:/Arquivos de programas/SDK30/SDK 7.5.1/SDK/lib_gnu/eft30.lib(LibAppli.o)
                                 0x28 (size before relaxing)
 *fill*         0x00005329        0x3 00
 .rodata.str1.4
                0x0000532c       0x10 C:/Arquivos de programas/SDK30/SDK 7.5.1/SDK/lib_gnu/eft30.lib(extens.o)
 .rodata.str1.4
                0x0000533c        0x6 C:/Arquivos de programas/SDK30/SDK 7.5.1/SDK/lib_gnu/eft30.lib(libgr.o)
                                 0x10 (size before relaxing)
 *fill*         0x00005342        0x2 00
 .rodata.str1.4
                0x00005344       0xc1 C:/Arquivos de programas/SDK30/SDK 7.5.1/SDK/lib_gnu/AVL.lib(Serializer_Xml.o)
                                 0xc4 (size before relaxing)
 *fill*         0x00005405        0x3 00
 .rodata.str1.4
                0x00005408       0x27 C:/Arquivos de programas/SDK30/SDK 7.5.1/SDK/lib_gnu/AVL.lib(XMLs_ProcessData.o)
                                 0x28 (size before relaxing)
 *fill*         0x0000542f        0x1 00
 .rodata.str1.4
                0x00005430       0xc4 C:/Arquivos de programas/SDK30/SDK 7.5.1/SDK/lib_gnu/LinkLayerExeInterface.lib(LinkLayerServices.o)
                                 0xc8 (size before relaxing)
 .rodata.str1.4
                0x000054f4       0x20 C:/Arquivos de programas/SDK30/SDK 7.5.1/SDK/lib_gnu/eft30.lib(extens87.o)
 .rodata        0x00005514      0x101 C:/Arquivos de programas/Ingenico/IngeDev_7/plugins/com.ingenico.ingedev.telium.bin.win32.gnuarm.v343_7.5.0.0/os/win32/GNUARM/3.4.3/arm-elf/lib/thumb/soft/interwork/libc.a(ctype_.o)
                0x00005514                _ctype_
 *fill*         0x00005615        0x3 00
 .rodata        0x00005618        0x4 C:/Arquivos de programas/Ingenico/IngeDev_7/plugins/com.ingenico.ingedev.telium.bin.win32.gnuarm.v343_7.5.0.0/os/win32/GNUARM/3.4.3/arm-elf/lib/thumb/soft/interwork/libc.a(impure.o)
                0x00005618                _global_impure_ptr
 .rodata.str1.4
                0x0000561c        0x2 C:/Arquivos de programas/Ingenico/IngeDev_7/plugins/com.ingenico.ingedev.telium.bin.win32.gnuarm.v343_7.5.0.0/os/win32/GNUARM/3.4.3/arm-elf/lib/thumb/soft/interwork/libc.a(impure.o)
                                  0x4 (size before relaxing)
 *(.gnu.linkonce.r.*)
                0x0000561e                __text_end = .
                0x00200000                . = 0x200000

.data           0x00200000      0x468 load address 0x0000561e
                0x00200000                __data_start = .
 *(.data .data.*)
 .data          0x00200000       0x30 Obj/GNU_ARM_DEBUG/Entry.o
 .data          0x00200030        0x8 Obj/GNU_ARM_DEBUG/porting.o
                0x00200030                HD_flash
 .data          0x00200038       0x28 C:/Arquivos de programas/SDK30/SDK 7.5.1/SDK/lib_gnu/AVL.lib(XMLs_ProcessData.o)
 .data          0x00200060        0x4 C:/Arquivos de programas/Ingenico/IngeDev_7/plugins/com.ingenico.ingedev.telium.bin.win32.gnuarm.v343_7.5.0.0/os/win32/GNUARM/3.4.3/arm-elf/lib/thumb/soft/interwork/libc.a(ctype_.o)
                0x00200060                __ctype_ptr
 .data          0x00200064      0x404 C:/Arquivos de programas/Ingenico/IngeDev_7/plugins/com.ingenico.ingedev.telium.bin.win32.gnuarm.v343_7.5.0.0/os/win32/GNUARM/3.4.3/arm-elf/lib/thumb/soft/interwork/libc.a(impure.o)
                0x00200464                _impure_ptr
 *(.gnu.linkonce.d.*)
                0x00200468                __data_end = .

.bss            0x00200468      0x94c
                0x00200468                __bss_start = .
 *(.bss .bss.*)
 .bss           0x00200468       0x15 Obj/GNU_ARM_DEBUG/Entry.o
 *fill*         0x0020047d        0x3 00
 .bss           0x00200480       0x4c Obj/GNU_ARM_DEBUG/porting.o
                0x0020049c                startedFlash
 .bss           0x002004cc      0x808 Obj/GNU_ARM_DEBUG/app_sys.o
 .bss           0x00200cd4        0x4 C:/Arquivos de programas/SDK30/SDK 7.5.1/SDK/lib_gnu/eft30.lib(extens232.o)
 .bss           0x00200cd8        0x4 C:/Arquivos de programas/SDK30/SDK 7.5.1/SDK/lib_gnu/eft30.lib(libgr115.o)
 .bss           0x00200cdc        0x4 C:/Arquivos de programas/SDK30/SDK 7.5.1/SDK/lib_gnu/eft30.lib(libgr116.o)
 .bss           0x00200ce0        0x4 C:/Arquivos de programas/SDK30/SDK 7.5.1/SDK/lib_gnu/eft30.lib(libgr54.o)
 .bss           0x00200ce4        0x4 C:/Arquivos de programas/SDK30/SDK 7.5.1/SDK/lib_gnu/eft30.lib(libgr68.o)
 .bss           0x00200ce8        0x8 C:/Arquivos de programas/SDK30/SDK 7.5.1/SDK/lib_gnu/eft30.lib(extens87.o)
 *(.gnu.linkonce.b.*)
 *(COMMON)
 COMMON         0x00200cf0       0x80 Obj/GNU_ARM_DEBUG/porting.o
                0x00200cf0                filesys
 COMMON         0x00200d70       0x3c Obj/GNU_ARM_DEBUG/app_sys.o
                0x00200d70                parm
                0x00200d94                retCom
 COMMON         0x00200dac        0x4 C:/Arquivos de programas/SDK30/SDK 7.5.1/SDK/lib_gnu/eft30.lib(extens.o)
                0x00200dac                DllGetProcAddress3
 COMMON         0x00200db0        0x4 C:/Arquivos de programas/SDK30/SDK 7.5.1/SDK/lib_gnu/eft30.lib(libgr.o)
                0x00200db0                DllGetProcAddress6
                0x00200db4                __bss_end = .
                0x00200db4                PROVIDE (end, .)
LOAD Obj/GNU_ARM_DEBUG/Main.o
LOAD Obj/GNU_ARM_DEBUG/Entry.o
LOAD Obj/GNU_ARM_DEBUG/porting.o
LOAD Obj/GNU_ARM_DEBUG/aplic.o
LOAD Obj/GNU_ARM_DEBUG/app_sys.o
LOAD Obj/GNU_ARM_DEBUG/cstartup.o
START GROUP
LOAD C:/Arquivos de programas/SDK30/SDK 7.5.1/SDK/lib_gnu/eft30.lib
LOAD C:/Arquivos de programas/SDK30/SDK 7.5.1/SDK/lib_gnu/trap.lib
LOAD C:/Arquivos de programas/SDK30/SDK 7.5.1/SDK/lib_gnu/PinLib.lib
LOAD C:/Arquivos de programas/SDK30/SDK 7.5.1/SDK/lib_gnu/IAPP.lib
LOAD C:/Arquivos de programas/SDK30/SDK 7.5.1/SDK/lib_gnu/AVL.lib
LOAD C:/Arquivos de programas/SDK30/SDK 7.5.1/SDK/lib_gnu/LinkLayerExeInterface.lib
LOAD C:/Arquivos de programas/SDK30/SDK 7.5.1/SDK/lib_gnu/SEC.lib
LOAD C:/Arquivos de programas/SDK30/SDK 7.5.1/SDK/lib_gnu/dll_wifi.lib
LOAD C:/Arquivos de programas/SDK30/SDK 7.5.1/SDK/lib_gnu/FTP_.lib
LOAD C:/Arquivos de programas/SDK30/SDK 7.5.1/SDK/lib_gnu/SSL_.lib
LOAD C:/Arquivos de programas/SDK30/SDK 7.5.1/SDK/lib_gnu/IP_.lib
LOAD C:/Arquivos de programas/SDK30/SDK 7.5.1/SDK/lib_gnu/SNMP_.lib
LOAD C:/Arquivos de programas/SDK30/SDK 7.5.1/SDK/lib_gnu/IMG_.lib
END GROUP
LOAD C:/Arquivos de programas/Ingenico/IngeDev_7/plugins/com.ingenico.ingedev.telium.bin.win32.gnuarm.v343_7.5.0.0/os/win32/GNUARM/3.4.3/arm-elf/lib/thumb/soft/interwork/libsupc++.a
LOAD C:/Arquivos de programas/Ingenico/IngeDev_7/plugins/com.ingenico.ingedev.telium.bin.win32.gnuarm.v343_7.5.0.0/os/win32/GNUARM/3.4.3/arm-elf/lib/thumb/soft/interwork/libc.a
LOAD C:/Arquivos de programas/Ingenico/IngeDev_7/plugins/com.ingenico.ingedev.telium.bin.win32.gnuarm.v343_7.5.0.0/os/win32/GNUARM/3.4.3/lib/gcc/arm-elf/3.4.3/thumb/soft/interwork/libgcc.a
OUTPUT(Obj/GNU_ARM_DEBUG/SDLC_SAMPLE.axf elf32-littlearm)

.debug_abbrev   0x00000000      0xb1d
 .debug_abbrev  0x00000000      0x11b Obj/GNU_ARM_DEBUG/Main.o
 .debug_abbrev  0x0000011b      0x1d3 Obj/GNU_ARM_DEBUG/Entry.o
 .debug_abbrev  0x000002ee      0x1c8 Obj/GNU_ARM_DEBUG/porting.o
 .debug_abbrev  0x000004b6       0x7e Obj/GNU_ARM_DEBUG/aplic.o
 .debug_abbrev  0x00000534       0xcb Obj/GNU_ARM_DEBUG/app_sys.o
 .debug_abbrev  0x000005ff       0x71 C:/Arquivos de programas/Ingenico/IngeDev_7/plugins/com.ingenico.ingedev.telium.bin.win32.gnuarm.v343_7.5.0.0/os/win32/GNUARM/3.4.3/arm-elf/lib/thumb/soft/interwork/libc.a(strchr.o)
 .debug_abbrev  0x00000670       0x7c C:/Arquivos de programas/Ingenico/IngeDev_7/plugins/com.ingenico.ingedev.telium.bin.win32.gnuarm.v343_7.5.0.0/os/win32/GNUARM/3.4.3/arm-elf/lib/thumb/soft/interwork/libc.a(strlen.o)
 .debug_abbrev  0x000006ec       0x85 C:/Arquivos de programas/Ingenico/IngeDev_7/plugins/com.ingenico.ingedev.telium.bin.win32.gnuarm.v343_7.5.0.0/os/win32/GNUARM/3.4.3/arm-elf/lib/thumb/soft/interwork/libc.a(strstr.o)
 .debug_abbrev  0x00000771      0x1b3 C:/Arquivos de programas/Ingenico/IngeDev_7/plugins/com.ingenico.ingedev.telium.bin.win32.gnuarm.v343_7.5.0.0/os/win32/GNUARM/3.4.3/arm-elf/lib/thumb/soft/interwork/libc.a(strtoul.o)
 .debug_abbrev  0x00000924       0x52 C:/Arquivos de programas/Ingenico/IngeDev_7/plugins/com.ingenico.ingedev.telium.bin.win32.gnuarm.v343_7.5.0.0/os/win32/GNUARM/3.4.3/arm-elf/lib/thumb/soft/interwork/libc.a(ctype_.o)
 .debug_abbrev  0x00000976      0x157 C:/Arquivos de programas/Ingenico/IngeDev_7/plugins/com.ingenico.ingedev.telium.bin.win32.gnuarm.v343_7.5.0.0/os/win32/GNUARM/3.4.3/arm-elf/lib/thumb/soft/interwork/libc.a(impure.o)
 .debug_abbrev  0x00000acd       0x14 C:/Arquivos de programas/Ingenico/IngeDev_7/plugins/com.ingenico.ingedev.telium.bin.win32.gnuarm.v343_7.5.0.0/os/win32/GNUARM/3.4.3/lib/gcc/arm-elf/3.4.3/thumb/soft/interwork/libgcc.a(_udivsi3.o)
 .debug_abbrev  0x00000ae1       0x14 C:/Arquivos de programas/Ingenico/IngeDev_7/plugins/com.ingenico.ingedev.telium.bin.win32.gnuarm.v343_7.5.0.0/os/win32/GNUARM/3.4.3/lib/gcc/arm-elf/3.4.3/thumb/soft/interwork/libgcc.a(_umodsi3.o)
 .debug_abbrev  0x00000af5       0x14 C:/Arquivos de programas/Ingenico/IngeDev_7/plugins/com.ingenico.ingedev.telium.bin.win32.gnuarm.v343_7.5.0.0/os/win32/GNUARM/3.4.3/lib/gcc/arm-elf/3.4.3/thumb/soft/interwork/libgcc.a(_dvmd_tls.o)
 .debug_abbrev  0x00000b09       0x14 C:/Arquivos de programas/Ingenico/IngeDev_7/plugins/com.ingenico.ingedev.telium.bin.win32.gnuarm.v343_7.5.0.0/os/win32/GNUARM/3.4.3/lib/gcc/arm-elf/3.4.3/thumb/soft/interwork/libgcc.a(_call_via_rX.o)

.debug_info     0x00000000     0x7160
 .debug_info    0x00000000     0x2e0e Obj/GNU_ARM_DEBUG/Main.o
 .debug_info    0x00002e0e     0x16e0 Obj/GNU_ARM_DEBUG/Entry.o
 .debug_info    0x000044ee      0xe75 Obj/GNU_ARM_DEBUG/porting.o
 .debug_info    0x00005363      0x1c2 Obj/GNU_ARM_DEBUG/aplic.o
 .debug_info    0x00005525      0x3d6 Obj/GNU_ARM_DEBUG/app_sys.o
 .debug_info    0x000058fb       0xd8 C:/Arquivos de programas/Ingenico/IngeDev_7/plugins/com.ingenico.ingedev.telium.bin.win32.gnuarm.v343_7.5.0.0/os/win32/GNUARM/3.4.3/arm-elf/lib/thumb/soft/interwork/libc.a(strchr.o)
 .debug_info    0x000059d3       0xbb C:/Arquivos de programas/Ingenico/IngeDev_7/plugins/com.ingenico.ingedev.telium.bin.win32.gnuarm.v343_7.5.0.0/os/win32/GNUARM/3.4.3/arm-elf/lib/thumb/soft/interwork/libc.a(strlen.o)
 .debug_info    0x00005a8e       0xd6 C:/Arquivos de programas/Ingenico/IngeDev_7/plugins/com.ingenico.ingedev.telium.bin.win32.gnuarm.v343_7.5.0.0/os/win32/GNUARM/3.4.3/arm-elf/lib/thumb/soft/interwork/libc.a(strstr.o)
 .debug_info    0x00005b64      0xa05 C:/Arquivos de programas/Ingenico/IngeDev_7/plugins/com.ingenico.ingedev.telium.bin.win32.gnuarm.v343_7.5.0.0/os/win32/GNUARM/3.4.3/arm-elf/lib/thumb/soft/interwork/libc.a(strtoul.o)
 .debug_info    0x00006569       0x79 C:/Arquivos de programas/Ingenico/IngeDev_7/plugins/com.ingenico.ingedev.telium.bin.win32.gnuarm.v343_7.5.0.0/os/win32/GNUARM/3.4.3/arm-elf/lib/thumb/soft/interwork/libc.a(ctype_.o)
 .debug_info    0x000065e2      0x922 C:/Arquivos de programas/Ingenico/IngeDev_7/plugins/com.ingenico.ingedev.telium.bin.win32.gnuarm.v343_7.5.0.0/os/win32/GNUARM/3.4.3/arm-elf/lib/thumb/soft/interwork/libc.a(impure.o)
 .debug_info    0x00006f04       0x97 C:/Arquivos de programas/Ingenico/IngeDev_7/plugins/com.ingenico.ingedev.telium.bin.win32.gnuarm.v343_7.5.0.0/os/win32/GNUARM/3.4.3/lib/gcc/arm-elf/3.4.3/thumb/soft/interwork/libgcc.a(_udivsi3.o)
 .debug_info    0x00006f9b       0x97 C:/Arquivos de programas/Ingenico/IngeDev_7/plugins/com.ingenico.ingedev.telium.bin.win32.gnuarm.v343_7.5.0.0/os/win32/GNUARM/3.4.3/lib/gcc/arm-elf/3.4.3/thumb/soft/interwork/libgcc.a(_umodsi3.o)
 .debug_info    0x00007032       0x97 C:/Arquivos de programas/Ingenico/IngeDev_7/plugins/com.ingenico.ingedev.telium.bin.win32.gnuarm.v343_7.5.0.0/os/win32/GNUARM/3.4.3/lib/gcc/arm-elf/3.4.3/thumb/soft/interwork/libgcc.a(_dvmd_tls.o)
 .debug_info    0x000070c9       0x97 C:/Arquivos de programas/Ingenico/IngeDev_7/plugins/com.ingenico.ingedev.telium.bin.win32.gnuarm.v343_7.5.0.0/os/win32/GNUARM/3.4.3/lib/gcc/arm-elf/3.4.3/thumb/soft/interwork/libgcc.a(_call_via_rX.o)

.debug_line     0x00000000      0xda6
 .debug_line    0x00000000       0xc8 Obj/GNU_ARM_DEBUG/Main.o
 .debug_line    0x000000c8      0x14e Obj/GNU_ARM_DEBUG/Entry.o
 .debug_line    0x00000216      0x2ba Obj/GNU_ARM_DEBUG/porting.o
 .debug_line    0x000004d0       0x9d Obj/GNU_ARM_DEBUG/aplic.o
 .debug_line    0x0000056d       0xfe Obj/GNU_ARM_DEBUG/app_sys.o
 .debug_line    0x0000066b       0x7c C:/Arquivos de programas/Ingenico/IngeDev_7/plugins/com.ingenico.ingedev.telium.bin.win32.gnuarm.v343_7.5.0.0/os/win32/GNUARM/3.4.3/arm-elf/lib/thumb/soft/interwork/libc.a(strchr.o)
 .debug_line    0x000006e7       0xd2 C:/Arquivos de programas/Ingenico/IngeDev_7/plugins/com.ingenico.ingedev.telium.bin.win32.gnuarm.v343_7.5.0.0/os/win32/GNUARM/3.4.3/arm-elf/lib/thumb/soft/interwork/libc.a(strlen.o)
 .debug_line    0x000007b9       0xd8 C:/Arquivos de programas/Ingenico/IngeDev_7/plugins/com.ingenico.ingedev.telium.bin.win32.gnuarm.v343_7.5.0.0/os/win32/GNUARM/3.4.3/arm-elf/lib/thumb/soft/interwork/libc.a(strstr.o)
 .debug_line    0x00000891      0x1d2 C:/Arquivos de programas/Ingenico/IngeDev_7/plugins/com.ingenico.ingedev.telium.bin.win32.gnuarm.v343_7.5.0.0/os/win32/GNUARM/3.4.3/arm-elf/lib/thumb/soft/interwork/libc.a(strtoul.o)
 .debug_line    0x00000a63       0x65 C:/Arquivos de programas/Ingenico/IngeDev_7/plugins/com.ingenico.ingedev.telium.bin.win32.gnuarm.v343_7.5.0.0/os/win32/GNUARM/3.4.3/arm-elf/lib/thumb/soft/interwork/libc.a(ctype_.o)
 .debug_line    0x00000ac8      0x12f C:/Arquivos de programas/Ingenico/IngeDev_7/plugins/com.ingenico.ingedev.telium.bin.win32.gnuarm.v343_7.5.0.0/os/win32/GNUARM/3.4.3/arm-elf/lib/thumb/soft/interwork/libc.a(impure.o)
 .debug_line    0x00000bf7       0x70 C:/Arquivos de programas/Ingenico/IngeDev_7/plugins/com.ingenico.ingedev.telium.bin.win32.gnuarm.v343_7.5.0.0/os/win32/GNUARM/3.4.3/lib/gcc/arm-elf/3.4.3/thumb/soft/interwork/libgcc.a(_udivsi3.o)
 .debug_line    0x00000c67       0x6f C:/Arquivos de programas/Ingenico/IngeDev_7/plugins/com.ingenico.ingedev.telium.bin.win32.gnuarm.v343_7.5.0.0/os/win32/GNUARM/3.4.3/lib/gcc/arm-elf/3.4.3/thumb/soft/interwork/libgcc.a(_umodsi3.o)
 .debug_line    0x00000cd6       0x61 C:/Arquivos de programas/Ingenico/IngeDev_7/plugins/com.ingenico.ingedev.telium.bin.win32.gnuarm.v343_7.5.0.0/os/win32/GNUARM/3.4.3/lib/gcc/arm-elf/3.4.3/thumb/soft/interwork/libgcc.a(_dvmd_tls.o)
 .debug_line    0x00000d37       0x6f C:/Arquivos de programas/Ingenico/IngeDev_7/plugins/com.ingenico.ingedev.telium.bin.win32.gnuarm.v343_7.5.0.0/os/win32/GNUARM/3.4.3/lib/gcc/arm-elf/3.4.3/thumb/soft/interwork/libgcc.a(_call_via_rX.o)

.debug_frame    0x00000000      0x6f0
 .debug_frame   0x00000000       0x2c Obj/GNU_ARM_DEBUG/Main.o
 .debug_frame   0x0000002c      0x214 Obj/GNU_ARM_DEBUG/Entry.o
 .debug_frame   0x00000240      0x25c Obj/GNU_ARM_DEBUG/porting.o
 .debug_frame   0x0000049c       0x70 Obj/GNU_ARM_DEBUG/aplic.o
 .debug_frame   0x0000050c      0x120 Obj/GNU_ARM_DEBUG/app_sys.o
 .debug_frame   0x0000062c       0x28 C:/Arquivos de programas/Ingenico/IngeDev_7/plugins/com.ingenico.ingedev.telium.bin.win32.gnuarm.v343_7.5.0.0/os/win32/GNUARM/3.4.3/arm-elf/lib/thumb/soft/interwork/libc.a(strchr.o)
 .debug_frame   0x00000654       0x28 C:/Arquivos de programas/Ingenico/IngeDev_7/plugins/com.ingenico.ingedev.telium.bin.win32.gnuarm.v343_7.5.0.0/os/win32/GNUARM/3.4.3/arm-elf/lib/thumb/soft/interwork/libc.a(strlen.o)
 .debug_frame   0x0000067c       0x28 C:/Arquivos de programas/Ingenico/IngeDev_7/plugins/com.ingenico.ingedev.telium.bin.win32.gnuarm.v343_7.5.0.0/os/win32/GNUARM/3.4.3/arm-elf/lib/thumb/soft/interwork/libc.a(strstr.o)
 .debug_frame   0x000006a4       0x4c C:/Arquivos de programas/Ingenico/IngeDev_7/plugins/com.ingenico.ingedev.telium.bin.win32.gnuarm.v343_7.5.0.0/os/win32/GNUARM/3.4.3/arm-elf/lib/thumb/soft/interwork/libc.a(strtoul.o)

.debug_pubnames
                0x00000000      0x533
 .debug_pubnames
                0x00000000       0x1b Obj/GNU_ARM_DEBUG/Main.o
 .debug_pubnames
                0x0000001b      0x19d Obj/GNU_ARM_DEBUG/Entry.o
 .debug_pubnames
                0x000001b8      0x184 Obj/GNU_ARM_DEBUG/porting.o
 .debug_pubnames
                0x0000033c       0x4e Obj/GNU_ARM_DEBUG/aplic.o
 .debug_pubnames
                0x0000038a       0xbe Obj/GNU_ARM_DEBUG/app_sys.o
 .debug_pubnames
                0x00000448       0x1d C:/Arquivos de programas/Ingenico/IngeDev_7/plugins/com.ingenico.ingedev.telium.bin.win32.gnuarm.v343_7.5.0.0/os/win32/GNUARM/3.4.3/arm-elf/lib/thumb/soft/interwork/libc.a(strchr.o)
 .debug_pubnames
                0x00000465       0x1d C:/Arquivos de programas/Ingenico/IngeDev_7/plugins/com.ingenico.ingedev.telium.bin.win32.gnuarm.v343_7.5.0.0/os/win32/GNUARM/3.4.3/arm-elf/lib/thumb/soft/interwork/libc.a(strlen.o)
 .debug_pubnames
                0x00000482       0x1d C:/Arquivos de programas/Ingenico/IngeDev_7/plugins/com.ingenico.ingedev.telium.bin.win32.gnuarm.v343_7.5.0.0/os/win32/GNUARM/3.4.3/arm-elf/lib/thumb/soft/interwork/libc.a(strstr.o)
 .debug_pubnames
                0x0000049f       0x2d C:/Arquivos de programas/Ingenico/IngeDev_7/plugins/com.ingenico.ingedev.telium.bin.win32.gnuarm.v343_7.5.0.0/os/win32/GNUARM/3.4.3/arm-elf/lib/thumb/soft/interwork/libc.a(strtoul.o)
 .debug_pubnames
                0x000004cc       0x2e C:/Arquivos de programas/Ingenico/IngeDev_7/plugins/com.ingenico.ingedev.telium.bin.win32.gnuarm.v343_7.5.0.0/os/win32/GNUARM/3.4.3/arm-elf/lib/thumb/soft/interwork/libc.a(ctype_.o)
 .debug_pubnames
                0x000004fa       0x39 C:/Arquivos de programas/Ingenico/IngeDev_7/plugins/com.ingenico.ingedev.telium.bin.win32.gnuarm.v343_7.5.0.0/os/win32/GNUARM/3.4.3/arm-elf/lib/thumb/soft/interwork/libc.a(impure.o)

.debug_aranges  0x00000000      0x1a0
 .debug_aranges
                0x00000000       0x20 Obj/GNU_ARM_DEBUG/Main.o
 .debug_aranges
                0x00000020       0x20 Obj/GNU_ARM_DEBUG/Entry.o
 .debug_aranges
                0x00000040       0x20 Obj/GNU_ARM_DEBUG/porting.o
 .debug_aranges
                0x00000060       0x20 Obj/GNU_ARM_DEBUG/aplic.o
 .debug_aranges
                0x00000080       0x20 Obj/GNU_ARM_DEBUG/app_sys.o
 .debug_aranges
                0x000000a0       0x20 C:/Arquivos de programas/Ingenico/IngeDev_7/plugins/com.ingenico.ingedev.telium.bin.win32.gnuarm.v343_7.5.0.0/os/win32/GNUARM/3.4.3/arm-elf/lib/thumb/soft/interwork/libc.a(strchr.o)
 .debug_aranges
                0x000000c0       0x20 C:/Arquivos de programas/Ingenico/IngeDev_7/plugins/com.ingenico.ingedev.telium.bin.win32.gnuarm.v343_7.5.0.0/os/win32/GNUARM/3.4.3/arm-elf/lib/thumb/soft/interwork/libc.a(strlen.o)
 .debug_aranges
                0x000000e0       0x20 C:/Arquivos de programas/Ingenico/IngeDev_7/plugins/com.ingenico.ingedev.telium.bin.win32.gnuarm.v343_7.5.0.0/os/win32/GNUARM/3.4.3/arm-elf/lib/thumb/soft/interwork/libc.a(strstr.o)
 .debug_aranges
                0x00000100       0x20 C:/Arquivos de programas/Ingenico/IngeDev_7/plugins/com.ingenico.ingedev.telium.bin.win32.gnuarm.v343_7.5.0.0/os/win32/GNUARM/3.4.3/arm-elf/lib/thumb/soft/interwork/libc.a(strtoul.o)
 .debug_aranges
                0x00000120       0x20 C:/Arquivos de programas/Ingenico/IngeDev_7/plugins/com.ingenico.ingedev.telium.bin.win32.gnuarm.v343_7.5.0.0/os/win32/GNUARM/3.4.3/lib/gcc/arm-elf/3.4.3/thumb/soft/interwork/libgcc.a(_udivsi3.o)
 .debug_aranges
                0x00000140       0x20 C:/Arquivos de programas/Ingenico/IngeDev_7/plugins/com.ingenico.ingedev.telium.bin.win32.gnuarm.v343_7.5.0.0/os/win32/GNUARM/3.4.3/lib/gcc/arm-elf/3.4.3/thumb/soft/interwork/libgcc.a(_umodsi3.o)
 .debug_aranges
                0x00000160       0x20 C:/Arquivos de programas/Ingenico/IngeDev_7/plugins/com.ingenico.ingedev.telium.bin.win32.gnuarm.v343_7.5.0.0/os/win32/GNUARM/3.4.3/lib/gcc/arm-elf/3.4.3/thumb/soft/interwork/libgcc.a(_dvmd_tls.o)
 .debug_aranges
                0x00000180       0x20 C:/Arquivos de programas/Ingenico/IngeDev_7/plugins/com.ingenico.ingedev.telium.bin.win32.gnuarm.v343_7.5.0.0/os/win32/GNUARM/3.4.3/lib/gcc/arm-elf/3.4.3/thumb/soft/interwork/libgcc.a(_call_via_rX.o)

.debug_str      0x00000000      0x9af
 .debug_str     0x00000000       0xf3 Obj/GNU_ARM_DEBUG/Main.o
 .debug_str     0x000000f3       0x87 Obj/GNU_ARM_DEBUG/Entry.o
 .debug_str     0x0000017a       0x35 Obj/GNU_ARM_DEBUG/porting.o
 .debug_str     0x000001af       0x12 Obj/GNU_ARM_DEBUG/aplic.o
 .debug_str     0x000001c1       0x12 Obj/GNU_ARM_DEBUG/app_sys.o
 .debug_str     0x000001d3      0x117 C:/Arquivos de programas/Ingenico/IngeDev_7/plugins/com.ingenico.ingedev.telium.bin.win32.gnuarm.v343_7.5.0.0/os/win32/GNUARM/3.4.3/arm-elf/lib/thumb/soft/interwork/libc.a(strchr.o)
                                0x144 (size before relaxing)
 .debug_str     0x000002ea       0x5d C:/Arquivos de programas/Ingenico/IngeDev_7/plugins/com.ingenico.ingedev.telium.bin.win32.gnuarm.v343_7.5.0.0/os/win32/GNUARM/3.4.3/arm-elf/lib/thumb/soft/interwork/libc.a(strlen.o)
                                0x151 (size before relaxing)
 .debug_str     0x00000347       0x61 C:/Arquivos de programas/Ingenico/IngeDev_7/plugins/com.ingenico.ingedev.telium.bin.win32.gnuarm.v343_7.5.0.0/os/win32/GNUARM/3.4.3/arm-elf/lib/thumb/soft/interwork/libc.a(strstr.o)
                                0x15c (size before relaxing)
 .debug_str     0x000003a8      0x478 C:/Arquivos de programas/Ingenico/IngeDev_7/plugins/com.ingenico.ingedev.telium.bin.win32.gnuarm.v343_7.5.0.0/os/win32/GNUARM/3.4.3/arm-elf/lib/thumb/soft/interwork/libc.a(strtoul.o)
                                0x51e (size before relaxing)
 .debug_str     0x00000820       0xbe C:/Arquivos de programas/Ingenico/IngeDev_7/plugins/com.ingenico.ingedev.telium.bin.win32.gnuarm.v343_7.5.0.0/os/win32/GNUARM/3.4.3/arm-elf/lib/thumb/soft/interwork/libc.a(ctype_.o)
                                 0xe9 (size before relaxing)
 .debug_str     0x000008de       0xd1 C:/Arquivos de programas/Ingenico/IngeDev_7/plugins/com.ingenico.ingedev.telium.bin.win32.gnuarm.v343_7.5.0.0/os/win32/GNUARM/3.4.3/arm-elf/lib/thumb/soft/interwork/libc.a(impure.o)
                                0x4fb (size before relaxing)

.comment        0x00000000      0x20a
 .comment       0x00000000       0x12 Obj/GNU_ARM_DEBUG/Main.o
 .comment       0x00000012       0x12 Obj/GNU_ARM_DEBUG/Entry.o
 .comment       0x00000024       0x12 Obj/GNU_ARM_DEBUG/porting.o
 .comment       0x00000036       0x12 Obj/GNU_ARM_DEBUG/aplic.o
 .comment       0x00000048       0x12 Obj/GNU_ARM_DEBUG/app_sys.o
 .comment       0x0000005a       0x12 C:/Arquivos de programas/SDK30/SDK 7.5.1/SDK/lib_gnu/eft30.lib(extens232.o)
 .comment       0x0000006c       0x12 C:/Arquivos de programas/SDK30/SDK 7.5.1/SDK/lib_gnu/eft30.lib(libgr115.o)
 .comment       0x0000007e       0x12 C:/Arquivos de programas/SDK30/SDK 7.5.1/SDK/lib_gnu/eft30.lib(libgr116.o)
 .comment       0x00000090       0x12 C:/Arquivos de programas/SDK30/SDK 7.5.1/SDK/lib_gnu/eft30.lib(libgr54.o)
 .comment       0x000000a2       0x12 C:/Arquivos de programas/SDK30/SDK 7.5.1/SDK/lib_gnu/eft30.lib(libgr68.o)
 .comment       0x000000b4       0x12 C:/Arquivos de programas/SDK30/SDK 7.5.1/SDK/lib_gnu/eft30.lib(LibAppli.o)
 .comment       0x000000c6       0x12 C:/Arquivos de programas/SDK30/SDK 7.5.1/SDK/lib_gnu/eft30.lib(extens.o)
 .comment       0x000000d8       0x12 C:/Arquivos de programas/SDK30/SDK 7.5.1/SDK/lib_gnu/eft30.lib(libgr.o)
 .comment       0x000000ea       0x12 C:/Arquivos de programas/SDK30/SDK 7.5.1/SDK/lib_gnu/AVL.lib(Proxy.o)
 .comment       0x000000fc       0x12 C:/Arquivos de programas/SDK30/SDK 7.5.1/SDK/lib_gnu/AVL.lib(Serializer.o)
 .comment       0x0000010e       0x12 C:/Arquivos de programas/SDK30/SDK 7.5.1/SDK/lib_gnu/AVL.lib(Serializer_Default.o)
 .comment       0x00000120       0x12 C:/Arquivos de programas/SDK30/SDK 7.5.1/SDK/lib_gnu/AVL.lib(Serializer_Xml.o)
 .comment       0x00000132       0x12 C:/Arquivos de programas/SDK30/SDK 7.5.1/SDK/lib_gnu/AVL.lib(XMLs.o)
 .comment       0x00000144       0x12 C:/Arquivos de programas/SDK30/SDK 7.5.1/SDK/lib_gnu/AVL.lib(XMLs_Parser.o)
 .comment       0x00000156       0x12 C:/Arquivos de programas/SDK30/SDK 7.5.1/SDK/lib_gnu/AVL.lib(XMLs_ProcessData.o)
 .comment       0x00000168       0x12 C:/Arquivos de programas/SDK30/SDK 7.5.1/SDK/lib_gnu/AVL.lib(Internal.o)
 .comment       0x0000017a       0x12 C:/Arquivos de programas/SDK30/SDK 7.5.1/SDK/lib_gnu/LinkLayerExeInterface.lib(LinkLayerServices.o)
 .comment       0x0000018c       0x12 C:/Arquivos de programas/SDK30/SDK 7.5.1/SDK/lib_gnu/eft30.lib(extens87.o)
 .comment       0x0000019e       0x12 C:/Arquivos de programas/Ingenico/IngeDev_7/plugins/com.ingenico.ingedev.telium.bin.win32.gnuarm.v343_7.5.0.0/os/win32/GNUARM/3.4.3/arm-elf/lib/thumb/soft/interwork/libc.a(strchr.o)
 .comment       0x000001b0       0x12 C:/Arquivos de programas/Ingenico/IngeDev_7/plugins/com.ingenico.ingedev.telium.bin.win32.gnuarm.v343_7.5.0.0/os/win32/GNUARM/3.4.3/arm-elf/lib/thumb/soft/interwork/libc.a(strlen.o)
 .comment       0x000001c2       0x12 C:/Arquivos de programas/Ingenico/IngeDev_7/plugins/com.ingenico.ingedev.telium.bin.win32.gnuarm.v343_7.5.0.0/os/win32/GNUARM/3.4.3/arm-elf/lib/thumb/soft/interwork/libc.a(strstr.o)
 .comment       0x000001d4       0x12 C:/Arquivos de programas/Ingenico/IngeDev_7/plugins/com.ingenico.ingedev.telium.bin.win32.gnuarm.v343_7.5.0.0/os/win32/GNUARM/3.4.3/arm-elf/lib/thumb/soft/interwork/libc.a(strtoul.o)
 .comment       0x000001e6       0x12 C:/Arquivos de programas/Ingenico/IngeDev_7/plugins/com.ingenico.ingedev.telium.bin.win32.gnuarm.v343_7.5.0.0/os/win32/GNUARM/3.4.3/arm-elf/lib/thumb/soft/interwork/libc.a(ctype_.o)
 .comment       0x000001f8       0x12 C:/Arquivos de programas/Ingenico/IngeDev_7/plugins/com.ingenico.ingedev.telium.bin.win32.gnuarm.v343_7.5.0.0/os/win32/GNUARM/3.4.3/arm-elf/lib/thumb/soft/interwork/libc.a(impure.o)
